// Jest Snapshot v1, https://goo.gl/fbAQLP

exports[`UsersList renders a snapshot properly 1`] = `[Function]`;
